// Jest Snapshot v1, https://goo.gl/fbAQLP

exports[`As a community admin should fail to register a new admin 1`] = `[Error: GraphQL Error: Community administrators can only add editors to the communities they administrate]`;

exports[`As a community admin should fail to update the status of a crossing from another community 1`] = `[Error: GraphQL Error: Users can only update the status of crossings within their communities]`;
